
############################################################
# LEAGUE: epl
############################################################
[predict] League: epl (English Premier League), source: , type: league
[predict] Fetching football-data.org: https://api.football-data.org/v4/competitions/PL/matches
[predict] Got 380 events
[predict] form/records 数据源未提供且无历史比赛可推导，状态/战绩信号回退为中性值
[predict] Past: 50, Future: 330, In progress: 0
[predict] Saved results: /home/ubuntu/work/sports-lottery/scripts/results/result_2026-09-27.json (211 matches, merged)
[predict] Prediction failed for epl: '<=' not supported between instances of 'float' and 'datetime.datetime'

############################################################
# LEAGUE: laliga
############################################################
[predict] League: laliga (La Liga), source: , type: league
[predict] Fetching football-data.org: https://api.football-data.org/v4/competitions/PD/matches
[predict] Got 380 events
[predict] form/records 数据源未提供且无历史比赛可推导，状态/战绩信号回退为中性值
[predict] Past: 69, Future: 311, In progress: 0
[predict] Saved results: /home/ubuntu/work/sports-lottery/scripts/results/result_2026-09-27.json (231 matches, merged)
[predict] Prediction failed for laliga: '<=' not supported between instances of 'float' and 'datetime.datetime'

############################################################
# LEAGUE: bundesliga
############################################################
[predict] League: bundesliga (Bundesliga), source: , type: league
[predict] Fetching football-data.org: https://api.football-data.org/v4/competitions/BL1/matches
[predict] Got 306 events
[predict] form/records 数据源未提供且无历史比赛可推导，状态/战绩信号回退为中性值
[predict] Past: 36, Future: 270, In progress: 0
[predict] Saved results: /home/ubuntu/work/sports-lottery/scripts/results/result_2026-09-27.json (231 matches, merged)
[predict] Prediction failed for bundesliga: '<=' not supported between instances of 'float' and 'datetime.datetime'

############################################################
# LEAGUE: seriea
############################################################
[predict] League: seriea (Serie A), source: , type: league
[predict] Fetching football-data.org: https://api.football-data.org/v4/competitions/SA/matches
[predict] Got 380 events
[predict] form/records 数据源未提供且无历史比赛可推导，状态/战绩信号回退为中性值
[predict] Past: 50, Future: 330, In progress: 0
[predict] Saved results: /home/ubuntu/work/sports-lottery/scripts/results/result_2026-09-27.json (241 matches, merged)
[predict] Prediction failed for seriea: '<=' not supported between instances of 'float' and 'datetime.datetime'

############################################################
# LEAGUE: ligue1
############################################################
[predict] League: ligue1 (Ligue 1), source: , type: league
[predict] Fetching football-data.org: https://api.football-data.org/v4/competitions/FL1/matches
[predict] Got 306 events
[predict] form/records 数据源未提供且无历史比赛可推导，状态/战绩信号回退为中性值
[predict] Past: 45, Future: 261, In progress: 0
[predict] Saved results: /home/ubuntu/work/sports-lottery/scripts/results/result_2026-09-27.json (250 matches, merged)
[predict] Prediction failed for ligue1: '<=' not supported between instances of 'float' and 'datetime.datetime'

############################################################
# LEAGUE: nba
############################################################
[predict] League: nba (NBA), source: , type: league
[predict] the-odds 数据源不支持整季取数，退回日期区间
[predict] Fetching ESPN (attempt 1/3): https://site.api.espn.com/apis/site/v2/sports/soccer/epl/scoreboard?dates=&limit=50
[predict] Attempt 1 failed: HTTPError: HTTP Error 400: Bad Request
[predict] Retrying in 30s...
[predict] Fetching ESPN (attempt 2/3): https://site.api.espn.com/apis/site/v2/sports/soccer/epl/scoreboard?dates=&limit=50
[predict] Attempt 2 failed: HTTPError: HTTP Error 400: Bad Request
[predict] Retrying in 60s...
[predict] Fetching ESPN (attempt 3/3): https://site.api.espn.com/apis/site/v2/sports/soccer/epl/scoreboard?dates=&limit=50
[predict] Attempt 3 failed: HTTPError: HTTP Error 400: Bad Request
[predict] All 3 attempts failed for ESPN
[predict] Prediction failed for nba: HTTP Error 400: Bad Request
[]
