[predict] API key 'FOOTBALL_DATA_API_KEY' not set — data sources requiring it will be unavailable
[predict] API key 'API_FOOTBALL_KEY' not set — data sources requiring it will be unavailable

############################################################
# LEAGUE: epl
############################################################
[predict] League: epl (English Premier League), source: , type: league
[predict] Fetching football-data.org: https://api.football-data.org/v4/competitions/PL/matches?dateFrom=2026-08-28&dateTo=2026-09-28
[predict] Request attempt 1/3 failed: HTTPError: HTTP Error 403: 
[predict] Retrying in 30s...
[predict] Request attempt 2/3 failed: HTTPError: HTTP Error 403: 
[predict] Retrying in 60s...
[predict] Request attempt 3/3 failed: HTTPError: HTTP Error 403: 
[predict] football-data.org fetch failed: HTTP Error 403: 
[predict] Prediction failed for epl: HTTP Error 403: 

############################################################
# LEAGUE: laliga
############################################################
[predict] League: laliga (La Liga), source: , type: league
[predict] Fetching football-data.org: https://api.football-data.org/v4/competitions/PD/matches?dateFrom=2026-08-28&dateTo=2026-09-28
[predict] Request attempt 1/3 failed: HTTPError: HTTP Error 403: 
[predict] Retrying in 30s...
[predict] Request attempt 2/3 failed: HTTPError: HTTP Error 403: 
[predict] Retrying in 60s...
[predict] Request attempt 3/3 failed: HTTPError: HTTP Error 403: 
[predict] football-data.org fetch failed: HTTP Error 403: 
[predict] Prediction failed for laliga: HTTP Error 403: 

############################################################
# LEAGUE: bundesliga
############################################################
[predict] League: bundesliga (Bundesliga), source: , type: league
[predict] Fetching football-data.org: https://api.football-data.org/v4/competitions/BL1/matches?dateFrom=2026-08-28&dateTo=2026-09-28
[predict] Request attempt 1/3 failed: HTTPError: HTTP Error 403: 
[predict] Retrying in 30s...
[predict] Request attempt 2/3 failed: HTTPError: HTTP Error 403: 
[predict] Retrying in 60s...
[predict] Request attempt 3/3 failed: HTTPError: HTTP Error 403: 
[predict] football-data.org fetch failed: HTTP Error 403: 
[predict] Prediction failed for bundesliga: HTTP Error 403: 

############################################################
# LEAGUE: seriea
############################################################
[predict] League: seriea (Serie A), source: , type: league
[predict] Fetching football-data.org: https://api.football-data.org/v4/competitions/SA/matches?dateFrom=2026-08-28&dateTo=2026-09-28
[predict] Request attempt 1/3 failed: HTTPError: HTTP Error 403: 
[predict] Retrying in 30s...
[predict] Request attempt 2/3 failed: HTTPError: HTTP Error 403: 
[predict] Retrying in 60s...
[predict] Request attempt 3/3 failed: HTTPError: HTTP Error 403: 
[predict] football-data.org fetch failed: HTTP Error 403: 
[predict] Prediction failed for seriea: HTTP Error 403: 

############################################################
# LEAGUE: ligue1
############################################################
[predict] League: ligue1 (Ligue 1), source: , type: league
[predict] Fetching football-data.org: https://api.football-data.org/v4/competitions/FL1/matches?dateFrom=2026-08-28&dateTo=2026-09-28
[predict] Request attempt 1/3 failed: HTTPError: HTTP Error 403: 
[predict] Retrying in 30s...
[predict] Request attempt 2/3 failed: HTTPError: HTTP Error 403: 
[predict] Retrying in 60s...
[predict] Request attempt 3/3 failed: HTTPError: HTTP Error 403: 
[predict] football-data.org fetch failed: HTTP Error 403: 
[predict] Prediction failed for ligue1: HTTP Error 403: 

############################################################
# LEAGUE: nba
############################################################
[predict] League: nba (NBA), source: , type: league
[predict] Fetching ESPN (attempt 1/3): https://site.api.espn.com/apis/site/v2/sports/soccer/epl/scoreboard?dates=20260828-20260928&limit=50
[predict] Attempt 1 failed: HTTPError: HTTP Error 400: Bad Request
[predict] Retrying in 30s...
[predict] Fetching ESPN (attempt 2/3): https://site.api.espn.com/apis/site/v2/sports/soccer/epl/scoreboard?dates=20260828-20260928&limit=50
[predict] Attempt 2 failed: HTTPError: HTTP Error 400: Bad Request
[predict] Retrying in 60s...
[predict] Fetching ESPN (attempt 3/3): https://site.api.espn.com/apis/site/v2/sports/soccer/epl/scoreboard?dates=20260828-20260928&limit=50
[predict] Attempt 3 failed: HTTPError: HTTP Error 400: Bad Request
[predict] All 3 attempts failed for ESPN
[predict] Prediction failed for nba: HTTP Error 400: Bad Request
[]
